---
source: crates/core/src/contact/vcard/fidelity_tests.rs
expression: "card(APPLE_GROUP).canonical_form(HashOptions::default())"
---
CANONICAL:1
BEGIN:VCARD
END:VCARD
FN:Book Club
N:Book Club
UID:0D9C8B7A-6F5E-4D3C-2B1A-0F9E8D7C6B5A
VERSION:3.0
X-ADDRESSBOOKSERVER-KIND:group
X-ADDRESSBOOKSERVER-MEMBER:urn:uuid:4F1B6B2A-8C1E-4D6F-9E5A-0B1C2D3E4F50
X-ADDRESSBOOKSERVER-MEMBER:urn:uuid:9A8B7C6D-5E4F-4A3B-8C2D-1E0F9A8B7C6D
