---
source: crates/cardigan/src/report.rs
expression: "String::from_utf8(out).unwrap()"
---
Dry run: nothing was written.
icloud→fastmail: create 1, update 0, delete 0, conflicts 0
fastmail→icloud: create 1, update 0, delete 0, conflicts 0
state only: adopt 1, refresh 0, forget 0

Plan:
adopt uid=b icloud=/card/b.vcf@"2" fastmail=/dav/b.vcf@"1"
create fastmail uid=a from=/card/a.vcf
create icloud uid=c from=/dav/c.vcf

Baseline report:
in sync: 1, conflicts: 0, re-UID'd: 0, paired by identity: 0, skipped: 0, likely duplicates: 0, to copy: 2
In sync (same UID, same content):
  Bravo uid=b
To copy:
  Alpha uid=a → fastmail
  Charlie uid=c → icloud
